Name:		my-user-name
ID:		id
Type:		User
Full name:	My Full Name
Company:	My Company
Location:	MyLocation
Profile URL:	https://hub.docker.com/u/my-user-name
Joined:		Less than a second ago
Usage:
  Repositories:		4
  Public repositories:	3
  Private repositories:	1
Organizations:
  my-org (My Org)          Owner    repos=7    public=5    private=2    teams=1    members=1
